{
    "query": "内存使用率最高的 3 台节点分别是哪些？内存占用量是多少？",
    "summaries": [
        "文本内容为多个系统内存和交换分区使用情况的统计信息，显示了不同节点（cn[3876,3888]、cn[6166,9655]等）的内存总量、已用、空闲、共享、缓冲/缓存及可用内存，以及交换分区的使用情况。所有记录中交换分区均未被使用。内存使用情况在61MB到124MB之间波动，已用内存大致在14MB到25MB之间，空闲内存在40MB到101MB之间。整体来看，系统内存使用较为稳定，未出现明显异常。",
        "该文本包含多个内存和交换空间的使用情况统计，以及一些内存区域的分配信息。Mem显示内存使用量在61左右，已用内存在12-15之间，空闲内存在44-47之间。Swap显示未使用。cn列表显示了多个内存区域的范围和数量，如[11264-11271,11468,...] (312)等，不同时间段的内存区域数量分别为312、221、168、150等。整体来看，系统内存使用较为稳定，未出现明显异常。",
        "用户询问如何查看计算节点的内存使用情况。首先通过命令yhq查找任务所使用的节点，确认节点为cn21。然后登录到该节点，使用top或free -g命令查看内存使用情况。此问题已解决。"
    ],
    "contents": [
        "0           0\ncn[10832-10834,10837-10841,10844-10853,10855-10862,10864-10879,10881-10886,10888-10897,10899-10912,10915-10918,10920-10922,10924-10930,10932-10936,10938-10959,10968-10972,10974-10978,10981,10983-10989,10991-10996,10998-11007,11016-11018,11020-11023,11025-11028,11032,11034-11038,11040,11043-11044,11046,11049-11061,11063-11064,11066-11072,11074,11076-11080,11083,11085-11087,11090,11093-11095,13336-13338,13341-13342,20040-20046,20048,20050-20051,20053,20055] (221)\ntotal        used        free      shared  buff/cache   available\nMem:             61          12          47           0           0          47\nSwap:             0           0           0\ncn[14016,14618,16694,16750,17392-17399,17438,17456,17525,17554,17577-17578,17595,17632,17644,17692,17758,17768,17866,17915,18008,18053,18072,18187,18205,18315,18323,18343,18410,18449,18497,18527,18642,18761,18862,18960-18964,18966-18967,19573,19615,19755,19792-19799,19805,19810-19828,20104,20111,20232-20255,20272-20279,20312-20319,20328-20332,20334-20335,20344-20375,20408-20415] (168)\ntotal        used        free      shared  buff/cache   available",
        "0           0           0\ncn[3876,3888] (2)\ntotal        used        free      shared  buff/cache   available\nMem:            124          21         101           1           1         101\nSwap:             0           0           0\ncn[6166,9655] (2)\ntotal        used        free      shared  buff/cache   available\nMem:             61          15          44           1           1          43\nSwap:             0           0           0\ncn[738,2553] (2)\ntotal        used        free      shared  buff/cache   available\nMem:            124          24          98           1           1          97\nSwap:             0           0",
        "4           4          41\nSwap:             0           0           0\ncn7168\ntotal        used        free      shared  buff/cache   available\nMem:             61          15          40           4           4          40\nSwap:             0           0           0\ncn8048\ntotal        used        free      shared  buff/cache   available\nMem:             61          14          46           0           1          45\nSwap:             0           0           0\ncn8198\ntotal        used        free      shared  buff/cache   available\nMem:             61          16          44           1           1          44\nSwap:",
        "Mem:             61          13          47           0           1          47\nSwap:             0           0           0\ncn[11264-11271,11468,11776-11783,11821,11838,12032-12039,12287-12295,12544-12550,12801-12807,13056-13063,13097,13133,13167,13312-13319,13568-13575,13824-13831,14080-14087,14336-14343,14495-14502,14592,14767,14769,14848-14853,15028,15104-15109,15111,15360-15367,15494,15616-15623,15872-15879,15984,16128-16135,16640-16647,16896-16903,17152-17159,17408-17415,17665,17669-17671,17757,17781,17914,17920-17927,18176-18183,18204,18322,18432-18439,18448,18688-18695,18944-18951,18991,19071,19200-19207,19234,19369,19379,19383-19415,19508,19556,19712-19719,19748,19864,19909,19968-19975,20122,20211,20231] (312)\ntotal        used        free      shared  buff/cache   available\nMem:             61          15          44           1           1          44\nSwap:             0           0           0\ncn[10832-10834,10837-10841,10844-10853,10855-10862,10864-10879,10881-10886,10888-",
        "1          97\nSwap:             0           0           0\ncn[768,1648] (2)\ntotal        used        free      shared  buff/cache   available\nMem:            124          25          96           2           2          95\nSwap:             0           0           0\ncn10483\ntotal        used        free      shared  buff/cache   available\nMem:             61          16          43           0           1          43\nSwap:             0           0           0\ncn6153\ntotal        used        free      shared  buff/cache   available\nMem:             61          15          41           4           4          41\nSwap:",
        "【已解决】用户询问如何查看计算节点的内存使用情况\n**标签**: 无标签\n**创建时间**: 2021-11-12 17:30:53\n**更新时间**: 2021-12-10 15:43:11\n**作者**: 杜思慧\n**1.yhq查看任务所使用的节点**\n查到所用节点包含cn21\n**2.登录到计算节点“ssh cn21”**\n**3.两种查看方式：**\n**（1）top**\n**(2) free -g**",
        "20335,20344-20375,20408-20415] (168)\ntotal        used        free      shared  buff/cache   available\nMem:             61          15          45           0           1          45\nSwap:             0           0           0\ncn[11490,11495-11505,11508,11512-11519,11536-11540,11542,12130,12141,12144,12146,12148,12151,12153-12170,12748-12749,12784-12785,13355,13387,13389,13392,13400-13405,13989,14007,14009-14010,14014,14017,14583,14585,14587-14590,14600-14605,14608-14612,14614,14617,14619-14630,15207-15211,15214-15219,15221-15222,15224-15227,15229,15783,15809-15811,15813,15815-15830,17013,18219,18256,18261,18271,18278-18279,18863,18866] (150)\ntotal        used        free      shared  buff/cache   available\nMem:             61          13          46           0           1          46\nSwap:             0           0           0\ncn[11039,11062,11091,11471-11472,11478,11480,11482,11484-11485,11487-11489,11491-11494,11506-11507,11510-11511,"
    ]
}